[    1256ms] [WARNING] Reflect is already polyfilled. @ https://sf16-website-login.neutral.ttwstatic.com/obj/tiktok_web_login_static/tiktok/webapp/main/player-split/webapp-desktop/static/js/webapp-desktop.59d49441.js:0
[    1301ms] [WARNING] AppContext will be overwritten @ https://sf16-website-login.neutral.ttwstatic.com/obj/tiktok_web_login_static/tiktok/webapp/main/player-split/webapp-desktop/static/js/webapp-desktop.59d49441.js:0
[    1301ms] [WARNING] AppContext will be overwritten @ https://sf16-website-login.neutral.ttwstatic.com/obj/tiktok_web_login_static/tiktok/webapp/main/player-split/webapp-desktop/static/js/webapp-desktop.59d49441.js:0
[    1301ms] [WARNING] AppContext will be overwritten @ https://sf16-website-login.neutral.ttwstatic.com/obj/tiktok_web_login_static/tiktok/webapp/main/player-split/webapp-desktop/static/js/webapp-desktop.59d49441.js:0
[    1302ms] [WARNING] AppContext will be overwritten @ https://sf16-website-login.neutral.ttwstatic.com/obj/tiktok_web_login_static/tiktok/webapp/main/player-split/webapp-desktop/static/js/webapp-desktop.59d49441.js:0
[    1302ms] [WARNING] AppContext will be overwritten @ https://sf16-website-login.neutral.ttwstatic.com/obj/tiktok_web_login_static/tiktok/webapp/main/player-split/webapp-desktop/static/js/webapp-desktop.59d49441.js:0
[    1315ms] [WARNING] AppContext will be overwritten @ https://sf16-website-login.neutral.ttwstatic.com/obj/tiktok_web_login_static/tiktok/webapp/main/player-split/webapp-desktop/static/js/webapp-desktop.59d49441.js:0
[    1315ms] [WARNING] AppContext will be overwritten @ https://sf16-website-login.neutral.ttwstatic.com/obj/tiktok_web_login_static/tiktok/webapp/main/player-split/webapp-desktop/static/js/webapp-desktop.59d49441.js:0
[    1326ms] [WARNING] AppContext will be overwritten @ https://sf16-website-login.neutral.ttwstatic.com/obj/tiktok_web_login_static/tiktok/webapp/main/player-split/webapp-desktop/static/js/webapp-desktop.59d49441.js:0
[    1329ms] [WARNING] AppContext will be overwritten @ https://sf16-website-login.neutral.ttwstatic.com/obj/tiktok_web_login_static/tiktok/webapp/main/player-split/webapp-desktop/static/js/webapp-desktop.59d49441.js:0
[    1329ms] [WARNING] loadable: `loadableReady()` requires state, please use `getScriptTags` or `getScriptElements` server-side @ https://sf16-website-login.neutral.ttwstatic.com/obj/tiktok_web_login_static/tiktok/webapp/main/player-split/webapp-desktop/static/js/9930.24c7350a.js:1
[    1351ms] [LOG] %c %s color: yellow; background-color: black; [instance: default] appid: 1988, userInfo:{"user_unique_id":"7688628568519165446","user_type":12,"user_id":"7688628530220893204","user_is_login":false,"device_id":"7688628568519165446"} @ https://sf16-website-login.neutral.ttwstatic.com/obj/tiktok_web_login_static/tiktok/webapp/main/player-split/webapp-desktop/static/js/npm-dp-byted-tea-sdk-oversea.f4e273c4.js:0
[    1351ms] [LOG] %c %s color: yellow; background-color: black; [instance: default] appid: 1988, sdk is ready, version is 5.3.17, you can report now !!! @ https://sf16-website-login.neutral.ttwstatic.com/obj/tiktok_web_login_static/tiktok/webapp/main/player-split/webapp-desktop/static/js/npm-dp-byted-tea-sdk-oversea.f4e273c4.js:0
[    1430ms] [WARNING] AppContext will be overwritten @ https://sf16-website-login.neutral.ttwstatic.com/obj/tiktok_web_login_static/tiktok/webapp/main/player-split/webapp-desktop/static/js/webapp-desktop.59d49441.js:0
[    1431ms] [WARNING] AppContext will be overwritten @ https://sf16-website-login.neutral.ttwstatic.com/obj/tiktok_web_login_static/tiktok/webapp/main/player-split/webapp-desktop/static/js/webapp-desktop.59d49441.js:0
[    1431ms] [WARNING] AppContext will be overwritten @ https://sf16-website-login.neutral.ttwstatic.com/obj/tiktok_web_login_static/tiktok/webapp/main/player-split/webapp-desktop/static/js/webapp-desktop.59d49441.js:0
[    1431ms] [WARNING] AppContext will be overwritten @ https://sf16-website-login.neutral.ttwstatic.com/obj/tiktok_web_login_static/tiktok/webapp/main/player-split/webapp-desktop/static/js/webapp-desktop.59d49441.js:0
[    1431ms] [WARNING] AppContext will be overwritten @ https://sf16-website-login.neutral.ttwstatic.com/obj/tiktok_web_login_static/tiktok/webapp/main/player-split/webapp-desktop/static/js/webapp-desktop.59d49441.js:0
[    1432ms] [WARNING] AppContext will be overwritten @ https://sf16-website-login.neutral.ttwstatic.com/obj/tiktok_web_login_static/tiktok/webapp/main/player-split/webapp-desktop/static/js/webapp-desktop.59d49441.js:0
[    1432ms] [WARNING] AppContext will be overwritten @ https://sf16-website-login.neutral.ttwstatic.com/obj/tiktok_web_login_static/tiktok/webapp/main/player-split/webapp-desktop/static/js/webapp-desktop.59d49441.js:0
[    1432ms] [WARNING] AppContext will be overwritten @ https://sf16-website-login.neutral.ttwstatic.com/obj/tiktok_web_login_static/tiktok/webapp/main/player-split/webapp-desktop/static/js/webapp-desktop.59d49441.js:0
[    1432ms] [WARNING] AppContext will be overwritten @ https://sf16-website-login.neutral.ttwstatic.com/obj/tiktok_web_login_static/tiktok/webapp/main/player-split/webapp-desktop/static/js/webapp-desktop.59d49441.js:0
[    1562ms] [INFO] . @ https://sf16-website-login.neutral.ttwstatic.com/obj/tiktok_web_login_static/webmssdk/1.0.0.417/webmssdk.js:0
[    1969ms] [ERROR] Failed to load resource: the server responded with a status of 404 () @ https://sf16-website-login.neutral.ttwstatic.com/slardar/fe/sdk-web/plugins/common-monitors.1.16.9.js:0
[    1969ms] [ERROR] Refused to execute script from 'https://sf16-website-login.neutral.ttwstatic.com/slardar/fe/sdk-web/plugins/common-monitors.1.16.9.js' because its MIME type ('application/json') is not executable, and strict MIME type checking is enabled. @ https://www.tiktok.com/@aleksandrpanas/video/7676195272459963669:0
[    1975ms] [LOG] Error. Unable to find the experiment:  webapp_auto_dark_mode @ https://sf16-website-login.neutral.ttwstatic.com/obj/tiktok_web_login_static/webmssdk/1.0.0.417/webmssdk.js:0
[    1975ms] [LOG] Error. Unable to find the experiment:  webapp_auto_dark_mode @ https://sf16-website-login.neutral.ttwstatic.com/obj/tiktok_web_login_static/webmssdk/1.0.0.417/webmssdk.js:0
[    2100ms] [LOG] ws.opened @ https://sf16-website-login.neutral.ttwstatic.com/obj/tiktok_web_login_static/webmssdk/1.0.0.417/webmssdk.js:0
[    2100ms] [WARNING] [SDK] 1790148342517        0 already inited @ https://sf16-website-login.neutral.ttwstatic.com/obj/tiktok_web_login_static/slardar/fe/sdk-web/browser.sg.js?bid=tiktok_webapp&globalName=SlardarClient:0
[    4554ms] [WARNING] [TikTok desktop app SDK Monitor]:   WARN:[printFirstFeedShow]The current environment is not inside the client. @ https://sf16-website-login.neutral.ttwstatic.com/obj/tiktok_web_login_static/tiktok/webapp/main/player-split/webapp-desktop/static/js/webapp-desktop.59d49441.js:0
[    5085ms] [WARNING] [i18n] missing key [en] Webapp Close_button Close_button @ https://sf16-website-login.neutral.ttwstatic.com/obj/tiktok_web_login_static/tiktok/webapp/main/player-split/webapp-desktop/static/js/biz.common.lib.66503841.js:0
[    5086ms] [WARNING] The 'deprecatedStyle' prop is deprecated. Please use the associated style props instead (e.g. "marginInline", "flex") @ https://sf16-website-login.neutral.ttwstatic.com/obj/tiktok_web_login_static/tiktok/webapp/main/player-split/webapp-desktop/static/js/async/16119.8e640c56.js:0
[    5109ms] [WARNING] The 'deprecatedStyle' prop is deprecated. Please use the associated style props instead (e.g. "marginInline", "flex") @ https://sf16-website-login.neutral.ttwstatic.com/obj/tiktok_web_login_static/tiktok/webapp/main/player-split/webapp-desktop/static/js/async/16119.8e640c56.js:0
[    5160ms] [WARNING] The 'deprecatedStyle' prop is deprecated. Please use the associated style props instead (e.g. "marginInline", "flex") @ https://sf16-website-login.neutral.ttwstatic.com/obj/tiktok_web_login_static/tiktok/webapp/main/player-split/webapp-desktop/static/js/async/16119.8e640c56.js:0
[    5409ms] [WARNING] The 'deprecatedStyle' prop is deprecated. Please use the associated style props instead (e.g. "marginInline", "flex") @ https://sf16-website-login.neutral.ttwstatic.com/obj/tiktok_web_login_static/tiktok/webapp/main/player-split/webapp-desktop/static/js/async/16119.8e640c56.js:0
[    5625ms] [LOG] %c %s color: yellow; background-color: black; [instance: cookie_banner_tea_sdk] appid: 345918, userInfo:{"user_unique_id":"7688628588547065365","web_id":"7688628588547065365"} @ https://sf16-website-login.neutral.ttwstatic.com/obj/tiktok_web_login_static/webmssdk/1.0.0.417/webmssdk.js:0
[    5625ms] [LOG] %c %s color: yellow; background-color: black; [instance: cookie_banner_tea_sdk] appid: 345918, sdk is ready, version is 5.3.17, you can report now !!! @ https://sf16-website-login.neutral.ttwstatic.com/obj/tiktok_web_login_static/webmssdk/1.0.0.417/webmssdk.js:0
[    5700ms] [WARNING] The powerPreference option is currently ignored when calling requestAdapter() on Windows. See https://crbug.com/369219127 @ https://sf16-website-login.neutral.ttwstatic.com/obj/tiktok_web_login_static/ttweb_webmssdk_ex/1.0.0.2878/webmssdk_ex.js:0
[    5706ms] [WARNING] The powerPreference option is currently ignored when calling requestAdapter() on Windows. See https://crbug.com/369219127 @ https://sf16-website-login.neutral.ttwstatic.com/obj/tiktok_web_login_static/ttweb_webmssdk_ex/1.0.0.2878/webmssdk_ex.js:0
[    5891ms] [WARNING] Reflect is already polyfilled. @ https://sf16-website-login.neutral.ttwstatic.com/obj/tiktok_web_login_static/tiktok/web/tiktok_fe_login_vmok/static/js/async/6011.fcee400f.js:0
[    5984ms] [LOG] [browser check] %s, os:  Chrome Windows @ https://sf16-website-login.neutral.ttwstatic.com/obj/tiktok_web_login_static/webmssdk/1.0.0.417/webmssdk.js:0
[    5989ms] [WARNING] InvalidCharacterError: Failed to execute 'atob' on 'Window': The string to be decoded is not correctly encoded.
    at n (https://sf16-website-login.neutral.ttwstatic.com/obj/tiktok_web_login_static/tiktok/web/tiktok_fe_login_vmok/static/js/async/6011.fcee400f.js:31:483773)
    at k.getLoginContext (https://sf16-website-login.neutral.ttwstatic.com/obj/tiktok_web_login_static/tiktok/web/tiktok_fe_login_vmok/static/js/async/6011.fcee400f.js:31:316641)
    at https://sf16-website-login.neutral.ttwstatic.com/obj/tiktok_web_login_static/tiktok/web/tiktok_fe_login_vmok/static/js/async/6011.fcee400f.js:31:313088
    at h (https://sf16-website-login.neutral.ttwstatic.com/obj/tiktok_web_login_static/tiktok/web/tiktok_fe_login_vmok/static/js/async/3978.91d95723.js:1:5781)
    at v (https://sf16-website-login.neutral.ttwstatic.com/obj/tiktok_web_login_static/tiktok/web/tiktok_fe_login_vmok/static/js/async/3978.91d95723.js:1:5729)
    at u._next (https://sf16-website-login.neutral.ttwstatic.com/obj/tiktok_web_login_static/tiktok/web/tiktok_fe_login_vmok/static/js/async/1265.4d2838ae.js:1:9038)
    at t.next (https://sf16-website-login.neutral.ttwstatic.com/obj/tiktok_web_login_static/tiktok/web/tiktok_fe_login_vmok/static/js/async/1265.4d2838ae.js:1:4845)
    at https://sf16-website-login.neutral.ttwstatic.com/obj/tiktok_web_login_static/tiktok/webapp/main/player-split/webapp-desktop/static/js/npm-rxjs.3002fb8b.js:1:25781
    at c._next (https://sf16-website-login.neutral.ttwstatic.com/obj/tiktok_web_login_static/tiktok/webapp/main/player-split/webapp-desktop/static/js/npm-rxjs.3002fb8b.js:1:19794)
    at r.next (https://sf16-website-login.neutral.ttwstatic.com/obj/tiktok_web_login_static/tiktok/webapp/main/player-split/webapp-desktop/static/js/npm-rxjs.3002fb8b.js:1:7426) @ https://sf16-website-login.neutral.ttwstatic.com/obj/tiktok_web_login_static/tiktok/web/tiktok_fe_login_vmok/static/js/async/6011.fcee400f.js:30
[    6248ms] [WARNING] [GSI_LOGGER]: Your client application uses one of the Google One Tap prompt UI status methods that may stop functioning when FedCM becomes mandatory. Refer to the migration guide to update your code accordingly and opt-in to FedCM to test your changes. Learn more: https://developers.google.com/identity/gsi/web/guides/fedcm-migration?s=dc#display_moment and https://developers.google.com/identity/gsi/web/guides/fedcm-migration?s=dc#skipped_moment @ https://accounts.google.com/gsi/client:86
[    6251ms] [ERROR] Not signed in with the identity provider. @ https://www.tiktok.com/@aleksandrpanas/video/7676195272459963669:0
[   19353ms] [ERROR] [GSI_LOGGER]: FedCM get() rejects with NetworkError: Error retrieving a token. @ https://sf16-website-login.neutral.ttwstatic.com/obj/tiktok_web_login_static/tiktok/webapp/main/player-split/webapp-desktop/static/js/webapp-desktop.59d49441.js:0
