[     827ms] [WARNING] Reflect is already polyfilled. @ https://sf16-website-login.neutral.ttwstatic.com/obj/tiktok_web_login_static/tiktok/webapp/main/player-split/webapp-desktop/static/js/webapp-desktop.59d49441.js:0
[     841ms] [WARNING] AppContext will be overwritten @ https://sf16-website-login.neutral.ttwstatic.com/obj/tiktok_web_login_static/tiktok/webapp/main/player-split/webapp-desktop/static/js/webapp-desktop.59d49441.js:0
[     842ms] [WARNING] AppContext will be overwritten @ https://sf16-website-login.neutral.ttwstatic.com/obj/tiktok_web_login_static/tiktok/webapp/main/player-split/webapp-desktop/static/js/webapp-desktop.59d49441.js:0
[     842ms] [WARNING] AppContext will be overwritten @ https://sf16-website-login.neutral.ttwstatic.com/obj/tiktok_web_login_static/tiktok/webapp/main/player-split/webapp-desktop/static/js/webapp-desktop.59d49441.js:0
[     842ms] [WARNING] AppContext will be overwritten @ https://sf16-website-login.neutral.ttwstatic.com/obj/tiktok_web_login_static/tiktok/webapp/main/player-split/webapp-desktop/static/js/webapp-desktop.59d49441.js:0
[     842ms] [WARNING] AppContext will be overwritten @ https://sf16-website-login.neutral.ttwstatic.com/obj/tiktok_web_login_static/tiktok/webapp/main/player-split/webapp-desktop/static/js/webapp-desktop.59d49441.js:0
[     844ms] [WARNING] AppContext will be overwritten @ https://sf16-website-login.neutral.ttwstatic.com/obj/tiktok_web_login_static/tiktok/webapp/main/player-split/webapp-desktop/static/js/webapp-desktop.59d49441.js:0
[     844ms] [WARNING] AppContext will be overwritten @ https://sf16-website-login.neutral.ttwstatic.com/obj/tiktok_web_login_static/tiktok/webapp/main/player-split/webapp-desktop/static/js/webapp-desktop.59d49441.js:0
[     849ms] [WARNING] AppContext will be overwritten @ https://sf16-website-login.neutral.ttwstatic.com/obj/tiktok_web_login_static/tiktok/webapp/main/player-split/webapp-desktop/static/js/webapp-desktop.59d49441.js:0
[     849ms] [WARNING] AppContext will be overwritten @ https://sf16-website-login.neutral.ttwstatic.com/obj/tiktok_web_login_static/tiktok/webapp/main/player-split/webapp-desktop/static/js/webapp-desktop.59d49441.js:0
[     850ms] [WARNING] loadable: `loadableReady()` requires state, please use `getScriptTags` or `getScriptElements` server-side @ https://sf16-website-login.neutral.ttwstatic.com/obj/tiktok_web_login_static/tiktok/webapp/main/player-split/webapp-desktop/static/js/9930.24c7350a.js:1
[     861ms] [LOG] %c %s color: yellow; background-color: black; [instance: default] appid: 1988, userInfo:{"user_unique_id":"7688628568519165446","user_type":12,"user_id":"7688628530220893204","user_is_login":false,"device_id":"7688628568519165446"} @ https://sf16-website-login.neutral.ttwstatic.com/obj/tiktok_web_login_static/tiktok/webapp/main/player-split/webapp-desktop/static/js/npm-dp-byted-tea-sdk-oversea.f4e273c4.js:0
[     861ms] [LOG] %c %s color: yellow; background-color: black; [instance: default] appid: 1988, sdk is ready, version is 5.3.17, you can report now !!! @ https://sf16-website-login.neutral.ttwstatic.com/obj/tiktok_web_login_static/tiktok/webapp/main/player-split/webapp-desktop/static/js/npm-dp-byted-tea-sdk-oversea.f4e273c4.js:0
[     888ms] [WARNING] AppContext will be overwritten @ https://sf16-website-login.neutral.ttwstatic.com/obj/tiktok_web_login_static/tiktok/webapp/main/player-split/webapp-desktop/static/js/webapp-desktop.59d49441.js:0
[     888ms] [WARNING] AppContext will be overwritten @ https://sf16-website-login.neutral.ttwstatic.com/obj/tiktok_web_login_static/tiktok/webapp/main/player-split/webapp-desktop/static/js/webapp-desktop.59d49441.js:0
[     889ms] [WARNING] AppContext will be overwritten @ https://sf16-website-login.neutral.ttwstatic.com/obj/tiktok_web_login_static/tiktok/webapp/main/player-split/webapp-desktop/static/js/webapp-desktop.59d49441.js:0
[     889ms] [WARNING] AppContext will be overwritten @ https://sf16-website-login.neutral.ttwstatic.com/obj/tiktok_web_login_static/tiktok/webapp/main/player-split/webapp-desktop/static/js/webapp-desktop.59d49441.js:0
[     889ms] [WARNING] AppContext will be overwritten @ https://sf16-website-login.neutral.ttwstatic.com/obj/tiktok_web_login_static/tiktok/webapp/main/player-split/webapp-desktop/static/js/webapp-desktop.59d49441.js:0
[     889ms] [WARNING] AppContext will be overwritten @ https://sf16-website-login.neutral.ttwstatic.com/obj/tiktok_web_login_static/tiktok/webapp/main/player-split/webapp-desktop/static/js/webapp-desktop.59d49441.js:0
[     889ms] [WARNING] AppContext will be overwritten @ https://sf16-website-login.neutral.ttwstatic.com/obj/tiktok_web_login_static/tiktok/webapp/main/player-split/webapp-desktop/static/js/webapp-desktop.59d49441.js:0
[     889ms] [WARNING] AppContext will be overwritten @ https://sf16-website-login.neutral.ttwstatic.com/obj/tiktok_web_login_static/tiktok/webapp/main/player-split/webapp-desktop/static/js/webapp-desktop.59d49441.js:0
[     889ms] [WARNING] AppContext will be overwritten @ https://sf16-website-login.neutral.ttwstatic.com/obj/tiktok_web_login_static/tiktok/webapp/main/player-split/webapp-desktop/static/js/webapp-desktop.59d49441.js:0
[     965ms] [WARNING] [10:26:19.281][warn][controller][1] NotAllowedError: play() failed because the user didn't interact with the document first. https://goo.gl/xX8pDD @ https://sf16-website-login.neutral.ttwstatic.com/obj/tiktok_web_login_static/tiktok/webapp/main/player-split/webapp-desktop/static/js/async/34577.c6684abd.js:0
[     974ms] [WARNING] Unmuting failed and the element was paused instead because the user didn't interact with the document before. https://goo.gl/xX8pDD @ https://sf16-website-login.neutral.ttwstatic.com/obj/tiktok_web_login_static/tiktok/webapp/main/player-split/webapp-desktop/static/js/async/34577.c6684abd.js:21
[     980ms] [WARNING] [10:26:19.296][warn][controller][1] AbortError: The play() request was interrupted by a call to pause(). https://goo.gl/LdLk22 @ https://sf16-website-login.neutral.ttwstatic.com/obj/tiktok_web_login_static/tiktok/webapp/main/player-split/webapp-desktop/static/js/async/34577.c6684abd.js:0
[    1029ms] [INFO] . @ https://sf16-website-login.neutral.ttwstatic.com/obj/tiktok_web_login_static/webmssdk/1.0.0.417/webmssdk.js:0
[    1105ms] [ERROR] Failed to load resource: the server responded with a status of 404 () @ https://sf16-website-login.neutral.ttwstatic.com/slardar/fe/sdk-web/plugins/common-monitors.1.16.9.js:0
[    1105ms] [ERROR] Refused to execute script from 'https://sf16-website-login.neutral.ttwstatic.com/slardar/fe/sdk-web/plugins/common-monitors.1.16.9.js' because its MIME type ('application/json') is not executable, and strict MIME type checking is enabled. @ https://www.tiktok.com/@aleksandrpanas/video/7679488252880932116:0
[    1138ms] [LOG] Error. Unable to find the experiment:  webapp_auto_dark_mode @ https://sf16-website-login.neutral.ttwstatic.com/obj/tiktok_web_login_static/webmssdk/1.0.0.417/webmssdk.js:0
[    1633ms] [LOG] ws.opened @ https://sf16-website-login.neutral.ttwstatic.com/obj/tiktok_web_login_static/webmssdk/1.0.0.417/webmssdk.js:0
[    1634ms] Uncaught (in promise) TypeError: a.init is not a function
    at <anonymous> (https://sf16-website-login.neutral.ttwstatic.com/obj/tiktok_web_login_static/tiktok/webapp/main/player-split/webapp-desktop/static/js/async/64887.91e0025f.js:1:544240)
    at l (https://sf16-website-login.neutral.ttwstatic.com/obj/tiktok_web_login_static/tiktok/webapp/main/player-split/webapp-desktop/static/js/async/64887.91e0025f.js:1:537334)
    at <anonymous> (https://sf16-website-login.neutral.ttwstatic.com/obj/tiktok_web_login_static/tiktok/webapp/main/player-split/webapp-desktop/static/js/async/64887.91e0025f.js:1:538691)
    at <anonymous> (https://sf16-website-login.neutral.ttwstatic.com/obj/tiktok_web_login_static/tiktok/webapp/main/player-split/webapp-desktop/static/js/async/64887.91e0025f.js:1:537727)
    at <anonymous> (https://sf16-website-login.neutral.ttwstatic.com/obj/tiktok_web_login_static/tiktok/webapp/main/player-split/webapp-desktop/static/js/9930.24c7350a.js:5:164349)
    at p (https://sf16-website-login.neutral.ttwstatic.com/obj/tiktok_web_login_static/tiktok/webapp/main/player-split/webapp-desktop/static/js/9930.24c7350a.js:5:164146)
    at value (https://sf16-website-login.neutral.ttwstatic.com/obj/tiktok_web_login_static/tiktok/webapp/main/player-split/webapp-desktop/static/js/async/64887.91e0025f.js:1:543780)
    at value (https://sf16-website-login.neutral.ttwstatic.com/obj/tiktok_web_login_static/tiktok/webapp/main/player-split/webapp-desktop/static/js/async/64887.91e0025f.js:1:543659)
    at <anonymous> (https://sf16-website-login.neutral.ttwstatic.com/obj/tiktok_web_login_static/tiktok/webapp/main/player-split/webapp-desktop/static/js/async/64887.91e0025f.js:1:616448)
    at l (https://sf16-website-login.neutral.ttwstatic.com/obj/tiktok_web_login_static/tiktok/webapp/main/player-split/webapp-desktop/static/js/async/64887.91e0025f.js:1:608637)
    at <anonymous> (https://sf16-website-login.neutral.ttwstatic.com/obj/tiktok_web_login_static/tiktok/webapp/main/player-split/webapp-desktop/static/js/async/64887.91e0025f.js:1:609994)
    at <anonymous> (https://sf16-website-login.neutral.ttwstatic.com/obj/tiktok_web_login_static/tiktok/webapp/main/player-split/webapp-desktop/static/js/async/64887.91e0025f.js:1:609030)
    at a (https://sf16-website-login.neutral.ttwstatic.com/obj/tiktok_web_login_static/tiktok/webapp/main/player-split/webapp-desktop/static/js/9930.24c7350a.js:5:164202)
[    3965ms] [WARNING] [10:26:22.280][warn][demux.fetch][1](loaderId=2) PlayerError: request timeout, please try again
    at https://sf16-website-login.neutral.ttwstatic.com/obj/tiktok_web_login_static/tiktok/webapp/main/player-split/webapp-desktop/static/js/async/34577.c6684abd.js:1:43378 @ https://sf16-website-login.neutral.ttwstatic.com/obj/tiktok_web_login_static/tiktok/webapp/main/player-split/webapp-desktop/static/js/async/34577.c6684abd.js:0
[    3965ms] [WARNING] [10:26:22.280][warn][multiplex][1] event.exception {code: 2101, message: request timeout, please try again} @ https://sf16-website-login.neutral.ttwstatic.com/obj/tiktok_web_login_static/tiktok/webapp/main/player-split/webapp-desktop/static/js/async/34577.c6684abd.js:0
[    4482ms] [WARNING] The powerPreference option is currently ignored when calling requestAdapter() on Windows. See https://crbug.com/369219127 @ https://sf16-website-login.neutral.ttwstatic.com/obj/tiktok_web_login_static/ttweb_webmssdk_ex/1.0.0.2878/webmssdk_ex.js:0
[    4491ms] [WARNING] The powerPreference option is currently ignored when calling requestAdapter() on Windows. See https://crbug.com/369219127 @ https://sf16-website-login.neutral.ttwstatic.com/obj/tiktok_web_login_static/ttweb_webmssdk_ex/1.0.0.2878/webmssdk_ex.js:0
[    4517ms] [WARNING] [TikTok desktop app SDK Monitor]:   WARN:[printFirstFeedShow]The current environment is not inside the client. @ https://sf16-website-login.neutral.ttwstatic.com/obj/tiktok_web_login_static/tiktok/webapp/main/player-split/webapp-desktop/static/js/webapp-desktop.59d49441.js:0
[    4776ms] [WARNING] [i18n] missing key [en] Webapp Close_button Close_button @ https://sf16-website-login.neutral.ttwstatic.com/obj/tiktok_web_login_static/tiktok/webapp/main/player-split/webapp-desktop/static/js/biz.common.lib.66503841.js:0
[    4776ms] [WARNING] The 'deprecatedStyle' prop is deprecated. Please use the associated style props instead (e.g. "marginInline", "flex") @ https://sf16-website-login.neutral.ttwstatic.com/obj/tiktok_web_login_static/tiktok/webapp/main/player-split/webapp-desktop/static/js/async/16119.8e640c56.js:0
[    4792ms] [WARNING] The 'deprecatedStyle' prop is deprecated. Please use the associated style props instead (e.g. "marginInline", "flex") @ https://sf16-website-login.neutral.ttwstatic.com/obj/tiktok_web_login_static/tiktok/webapp/main/player-split/webapp-desktop/static/js/async/16119.8e640c56.js:0
[    4932ms] [WARNING] The 'deprecatedStyle' prop is deprecated. Please use the associated style props instead (e.g. "marginInline", "flex") @ https://sf16-website-login.neutral.ttwstatic.com/obj/tiktok_web_login_static/tiktok/webapp/main/player-split/webapp-desktop/static/js/async/16119.8e640c56.js:0
[    4997ms] [LOG] %c %s color: yellow; background-color: black; [instance: cookie_banner_tea_sdk] appid: 345918, userInfo:{"user_unique_id":"7688628587716609556","web_id":"7688628587716609556"} @ https://sf16-website-login.neutral.ttwstatic.com/obj/tiktok_web_login_static/webmssdk/1.0.0.417/webmssdk.js:0
[    4997ms] [LOG] %c %s color: yellow; background-color: black; [instance: cookie_banner_tea_sdk] appid: 345918, sdk is ready, version is 5.3.17, you can report now !!! @ https://sf16-website-login.neutral.ttwstatic.com/obj/tiktok_web_login_static/webmssdk/1.0.0.417/webmssdk.js:0
[    5085ms] [WARNING] The 'deprecatedStyle' prop is deprecated. Please use the associated style props instead (e.g. "marginInline", "flex") @ https://sf16-website-login.neutral.ttwstatic.com/obj/tiktok_web_login_static/tiktok/webapp/main/player-split/webapp-desktop/static/js/async/16119.8e640c56.js:0
[    5931ms] [WARNING] Reflect is already polyfilled. @ https://sf16-website-login.neutral.ttwstatic.com/obj/tiktok_web_login_static/tiktok/web/tiktok_fe_login_vmok/static/js/async/6011.fcee400f.js:0
[    5970ms] [LOG] [browser check] %s, os:  Chrome Windows @ https://sf16-website-login.neutral.ttwstatic.com/obj/tiktok_web_login_static/webmssdk/1.0.0.417/webmssdk.js:0
[    5971ms] [WARNING] InvalidCharacterError: Failed to execute 'atob' on 'Window': The string to be decoded is not correctly encoded.
    at n (https://sf16-website-login.neutral.ttwstatic.com/obj/tiktok_web_login_static/tiktok/web/tiktok_fe_login_vmok/static/js/async/6011.fcee400f.js:31:483773)
    at k.getLoginContext (https://sf16-website-login.neutral.ttwstatic.com/obj/tiktok_web_login_static/tiktok/web/tiktok_fe_login_vmok/static/js/async/6011.fcee400f.js:31:316641)
    at https://sf16-website-login.neutral.ttwstatic.com/obj/tiktok_web_login_static/tiktok/web/tiktok_fe_login_vmok/static/js/async/6011.fcee400f.js:31:313088
    at h (https://sf16-website-login.neutral.ttwstatic.com/obj/tiktok_web_login_static/tiktok/web/tiktok_fe_login_vmok/static/js/async/3978.91d95723.js:1:5781)
    at v (https://sf16-website-login.neutral.ttwstatic.com/obj/tiktok_web_login_static/tiktok/web/tiktok_fe_login_vmok/static/js/async/3978.91d95723.js:1:5729)
    at u._next (https://sf16-website-login.neutral.ttwstatic.com/obj/tiktok_web_login_static/tiktok/web/tiktok_fe_login_vmok/static/js/async/1265.4d2838ae.js:1:9038)
    at t.next (https://sf16-website-login.neutral.ttwstatic.com/obj/tiktok_web_login_static/tiktok/web/tiktok_fe_login_vmok/static/js/async/1265.4d2838ae.js:1:4845)
    at https://sf16-website-login.neutral.ttwstatic.com/obj/tiktok_web_login_static/tiktok/webapp/main/player-split/webapp-desktop/static/js/npm-rxjs.3002fb8b.js:1:25781
    at c._next (https://sf16-website-login.neutral.ttwstatic.com/obj/tiktok_web_login_static/tiktok/webapp/main/player-split/webapp-desktop/static/js/npm-rxjs.3002fb8b.js:1:19794)
    at r.next (https://sf16-website-login.neutral.ttwstatic.com/obj/tiktok_web_login_static/tiktok/webapp/main/player-split/webapp-desktop/static/js/npm-rxjs.3002fb8b.js:1:7426) @ https://sf16-website-login.neutral.ttwstatic.com/obj/tiktok_web_login_static/tiktok/web/tiktok_fe_login_vmok/static/js/async/6011.fcee400f.js:30
[    5985ms] [WARNING] [GSI_LOGGER]: Your client application uses one of the Google One Tap prompt UI status methods that may stop functioning when FedCM becomes mandatory. Refer to the migration guide to update your code accordingly and opt-in to FedCM to test your changes. Learn more: https://developers.google.com/identity/gsi/web/guides/fedcm-migration?s=dc#display_moment and https://developers.google.com/identity/gsi/web/guides/fedcm-migration?s=dc#skipped_moment @ https://accounts.google.com/gsi/client:86
[    5994ms] [ERROR] Not signed in with the identity provider. @ https://www.tiktok.com/@aleksandrpanas/video/7679488252880932116:0
[   10338ms] [ERROR] [GSI_LOGGER]: FedCM get() rejects with NetworkError: Error retrieving a token. @ https://sf16-website-login.neutral.ttwstatic.com/obj/tiktok_web_login_static/tiktok/webapp/main/player-split/webapp-desktop/static/js/webapp-desktop.59d49441.js:0
[   22499ms] [ERROR] Failed to load resource: the server responded with a status of 403 () @ https://v16-webapp-prime.tiktok.com/video/tos/alisg/tos-alisg-pve-0037c001/oQcQcICSgAWcB6yYRFfTwqDBWJkKUEE2fS3qgm/?a=1988&bti=ODszNWYuMDE6&&bt=2207&eid=20480&ft=I~da4o6VD12NvXILvzIxROm_vlBF-UjNSiopiX&mime_type=video_mp4&rc=cnF8b2hsc2d3SkBwaHIxaDFybndmZDNlOzU7aGdnNjg0NjY2NUBpM2ZpbHM5cmRqZDMzODczNEBjRl5Nc3FePmJKYSNvYF90aHFmOiMxLTZjYWBgX18xXzRfMTQ1YSMyamNiMmRrXzZhLS1kMWBzcw%3D%3D&expire=1790321195&l=20260923152618A1CCF5D8F34C8A5B2C91&ply_type=2&policy=2&signature=b84bb0d0f2e26d69385eca7afd9ed4d1&tk=tt_chain_token&btag=e000b8000:0
